Active-HDL 13.0.375.8320 2025-06-10 10:09:17

Elaboration top modules:
VHDL Configuration            testbench_for_morse_decoder


------------------------------------------------------------------------------------------------------
Entity           | Architecture    | Library | Info | Compiler Version          | Compilation Options
------------------------------------------------------------------------------------------------------
morse_decoder_tb | TB_ARCHITECTURE | project |      | 13.0.375.8320 (Windows64) | -O3
morse_decoder    | Behavioral      | project |      | 13.0.375.8320 (Windows64) | -O3
------------------------------------------------------------------------------------------------------

------------------------------------------------------------------------------------------------------
VHDL Configuration                 | Library | Info | Compiler Version          | Compilation Options
------------------------------------------------------------------------------------------------------
testbench_for_morse_decoder        | project |      | 13.0.375.8320 (Windows64) | -O3
------------------------------------------------------------------------------------------------------

------------------------------------------------------------------------------------------------------
VHDL Package                       | Library | Info | Compiler Version          | Compilation Options
------------------------------------------------------------------------------------------------------
standard                           | std     |      |                           | <unavailable>
TEXTIO                             | std     |      | 13.0.375.8320 (Windows64) |  -2019
std_logic_1164                     | ieee    |      | 13.0.375.8320 (Windows64) |  -2008
NUMERIC_STD                        | ieee    |      | 13.0.375.8320 (Windows64) |  -2008
MATH_REAL                          | ieee    |      | 13.0.375.8320 (Windows64) | <unavailable>
------------------------------------------------------------------------------------------------------

------------------------------------------------------------------------------------------------------
Library                            | Comment
------------------------------------------------------------------------------------------------------
ieee                               | Standard IEEE packages library
project                            | None
std                                | Standard VHDL library
------------------------------------------------------------------------------------------------------
