Release 11.1 Map L.33 (nt)
Xilinx Mapping Report File for Design 'lcd_top'

Design Information
------------------
Command Line   : map -ise SevenSegTest.ise -intstyle ise -p xc3s400-pq208-4 -cm
area -ir off -pr off -c 100 -o lcd_top_map.ncd lcd_top.ngd lcd_top.pcf 
Target Device  : xc3s400
Target Package : pq208
Target Speed   : -4
Mapper Version : spartan3 -- $Revision: 1.51 $
Mapped Date    : Fri Dec 02 23:35:22 2011

Design Summary
--------------
Number of errors:      0
Number of warnings:    4
Logic Utilization:
  Total Number Slice Registers:         337 out of   7,168    4%
    Number used as Flip Flops:          333
    Number used as Latches:               4
  Number of 4 input LUTs:               866 out of   7,168   12%
Logic Distribution:
  Number of occupied Slices:            559 out of   3,584   15%
    Number of Slices containing only related logic:     559 out of     559 100%
    Number of Slices containing unrelated logic:          0 out of     559   0%
      *See NOTES below for an explanation of the effects of unrelated logic.
  Total Number of 4 input LUTs:       1,020 out of   7,168   14%
    Number used as logic:               866
    Number used as a route-thru:        154

  The Slice Logic Distribution report is not meaningful if the design is
  over-mapped for a non-slice resource or if Placement fails.

  Number of bonded IOBs:                 49 out of     141   34%
  Number of RAMB16s:                      1 out of      16    6%
  Number of BUFGMUXs:                     5 out of       8   62%
  Number of DCMs:                         1 out of       4   25%

Average Fanout of Non-Clock Nets:                3.54

Peak Memory Usage:  187 MB
Total REAL time to MAP completion:  2 secs 
Total CPU time to MAP completion:   2 secs 

NOTES:

   Related logic is defined as being logic that shares connectivity - e.g. two
   LUTs are "related" if they share common inputs.  When assembling slices,
   Map gives priority to combine logic that is related.  Doing so results in
   the best timing performance.

   Unrelated logic shares no connectivity.  Map will only begin packing
   unrelated logic into a slice once 99% of the slices are occupied through
   related logic packing.

   Note that once logic distribution reaches the 99% level through related
   logic packing, this does not mean the device is completely utilized.
   Unrelated logic packing will then begin, continuing until all usable LUTs
   and FFs are occupied.  Depending on your timing budget, increased levels of
   unrelated logic packing may adversely affect the overall timing performance
   of your design.

Table of Contents
-----------------
Section 1 - Errors
Section 2 - Warnings
Section 3 - Informational
Section 4 - Removed Logic Summary
Section 5 - Removed Logic
Section 6 - IOB Properties
Section 7 - RPMs
Section 8 - Guide Report
Section 9 - Area Group and Partition Summary
Section 10 - Modular Design Summary
Section 11 - Timing Report
Section 12 - Configuration String Information
Section 13 - Control Set Information
Section 14 - Utilization by Hierarchy

Section 1 - Errors
------------------

Section 2 - Warnings
--------------------
WARNING:Security:42 - Your license support version '2010.04' for ISE expires in
-582 days.
WARNING:Pack:266 - The function generator SEG_TEST/CounterSeg4_mux0001<0>11
   failed to merge with F5 multiplexer SEG_TEST/SEG_DATA_mux0000<4>911_f5. 
   There is a conflict for the FXMUX.  The design will exhibit suboptimal
   timing.
WARNING:PhysDesignRules:372 - Gated clock. Clock net LCD_TEST/tc_clkcnt is
   sourced by a combinatorial pin. This is not good design practice. Use the CE
   pin to control the loading of data into the flip-flop.
WARNING:PhysDesignRules:372 - Gated clock. Clock net
   VGA_GAME/ping/right_edge/contact_pt_cmp_eq0000 is sourced by a combinatorial
   pin. This is not good design practice. Use the CE pin to control the loading
   of data into the flip-flop.
WARNING:PhysDesignRules:372 - Gated clock. Clock net
   VGA_GAME/ping/left_edge/contact_pt_cmp_eq0000 is sourced by a combinatorial
   pin. This is not good design practice. Use the CE pin to control the loading
   of data into the flip-flop.

Section 3 - Informational
-------------------------
INFO:Security:54 - 'xc3s400' is a WebPack part.
INFO:MapLib:562 - No environment variables are currently set.
INFO:LIT:244 - All of the single ended outputs in this design are using slew
   rate limited output drivers. The delay on speed critical single ended outputs
   can be dramatically reduced by designating them as fast outputs.
INFO:PhysDesignRules:772 - To achieve optimal frequency synthesis performance
   with the CLKFX and CLKFX180 outputs of the DCM comp
   VGA_GAME/inst_dcm50m/DCM_INST, consult the device Interactive Data Sheet.

Section 4 - Removed Logic Summary
---------------------------------
   2 block(s) optimized away

Section 5 - Removed Logic
-------------------------

Optimized Block(s):
TYPE 		BLOCK
GND 		XST_GND
VCC 		XST_VCC

To enable printing of redundant blocks removed and signals merged, set the
detailed map report option and rerun map.

Section 6 - IOB Properties
--------------------------

+---------------------------------------------------------------------------------------------------------------------------------------------------------+
| IOB Name                           | Type             | Direction | IO Standard          | Diff  | Drive    | Slew | Reg (s)      | Resistor | IOB      |
|                                    |                  |           |                      | Term  | Strength | Rate |              |          | Delay    |
+---------------------------------------------------------------------------------------------------------------------------------------------------------+
| Buzzer                             | IOB              | OUTPUT    | LVCMOS25             |       | 12       | SLOW |              |          |          |
| GCLK                               | IOB              | INPUT     | LVCMOS25             |       |          |      |              |          |          |
| LEDS<0>                            | IOB              | OUTPUT    | LVCMOS25             |       | 12       | SLOW |              |          |          |
| LEDS<1>                            | IOB              | OUTPUT    | LVCMOS25             |       | 12       | SLOW |              |          |          |
| LEDS<2>                            | IOB              | OUTPUT    | LVCMOS25             |       | 12       | SLOW |              |          |          |
| LEDS<3>                            | IOB              | OUTPUT    | LVCMOS25             |       | 12       | SLOW |              |          |          |
| LEDS<4>                            | IOB              | OUTPUT    | LVCMOS25             |       | 12       | SLOW |              |          |          |
| LEDS<5>                            | IOB              | OUTPUT    | LVCMOS25             |       | 12       | SLOW |              |          |          |
| LEDS<6>                            | IOB              | OUTPUT    | LVCMOS25             |       | 12       | SLOW |              |          |          |
| LEDS<7>                            | IOB              | OUTPUT    | LVCMOS25             |       | 12       | SLOW |              |          |          |
| SEG_DATA<0>                        | IOB              | OUTPUT    | LVCMOS25             |       | 12       | SLOW |              |          |          |
| SEG_DATA<1>                        | IOB              | OUTPUT    | LVCMOS25             |       | 12       | SLOW |              |          |          |
| SEG_DATA<2>                        | IOB              | OUTPUT    | LVCMOS25             |       | 12       | SLOW |              |          |          |
| SEG_DATA<3>                        | IOB              | OUTPUT    | LVCMOS25             |       | 12       | SLOW |              |          |          |
| SEG_DATA<4>                        | IOB              | OUTPUT    | LVCMOS25             |       | 12       | SLOW |              |          |          |
| SEG_DATA<5>                        | IOB              | OUTPUT    | LVCMOS25             |       | 12       | SLOW |              |          |          |
| SEG_DATA<6>                        | IOB              | OUTPUT    | LVCMOS25             |       | 12       | SLOW |              |          |          |
| SEG_DATA<7>                        | IOB              | OUTPUT    | LVCMOS25             |       | 12       | SLOW |              |          |          |
| SEG_SEL<0>                         | IOB              | OUTPUT    | LVCMOS25             |       | 12       | SLOW |              |          |          |
| SEG_SEL<1>                         | IOB              | OUTPUT    | LVCMOS25             |       | 12       | SLOW |              |          |          |
| SEG_SEL<2>                         | IOB              | OUTPUT    | LVCMOS25             |       | 12       | SLOW |              |          |          |
| SEG_SEL<3>                         | IOB              | OUTPUT    | LVCMOS25             |       | 12       | SLOW |              |          |          |
| SEG_SEL<4>                         | IOB              | OUTPUT    | LVCMOS25             |       | 12       | SLOW |              |          |          |
| a_b_not                            | IOB              | INPUT     | LVCMOS25             |       |          |      |              |          |          |
| c_start_not                        | IOB              | INPUT     | LVCMOS25             |       |          |      |              |          |          |
| data<0>                            | IOB              | OUTPUT    | LVCMOS25             |       | 12       | SLOW |              |          |          |
| data<1>                            | IOB              | OUTPUT    | LVCMOS25             |       | 12       | SLOW |              |          |          |
| data<2>                            | IOB              | OUTPUT    | LVCMOS25             |       | 12       | SLOW |              |          |          |
| data<3>                            | IOB              | OUTPUT    | LVCMOS25             |       | 12       | SLOW |              |          |          |
| data<4>                            | IOB              | OUTPUT    | LVCMOS25             |       | 12       | SLOW |              |          |          |
| data<5>                            | IOB              | OUTPUT    | LVCMOS25             |       | 12       | SLOW |              |          |          |
| data<6>                            | IOB              | OUTPUT    | LVCMOS25             |       | 12       | SLOW |              |          |          |
| data<7>                            | IOB              | OUTPUT    | LVCMOS25             |       | 12       | SLOW |              |          |          |
| down_in_not                        | IOB              | INPUT     | LVCMOS25             |       |          |      |              |          |          |
| lcd_e                              | IOB              | OUTPUT    | LVCMOS25             |       | 12       | SLOW |              |          |          |
| lcd_rs                             | IOB              | OUTPUT    | LVCMOS25             |       | 12       | SLOW |              |          |          |
| lcd_rw                             | IOB              | OUTPUT    | LVCMOS25             |       | 12       | SLOW |              |          |          |
| left_in_not                        | IOB              | INPUT     | LVCMOS25             |       |          |      |              |          |          |
| right_in_not                       | IOB              | INPUT     | LVCMOS25             |       |          |      |              |          |          |
| rst_n                              | IOB              | INPUT     | LVCMOS25             |       |          |      |              |          |          |
| up_in_not                          | IOB              | INPUT     | LVCMOS25             |       |          |      |              |          |          |
| vga_blue0                          | IOB              | OUTPUT    | LVCMOS25             |       | 12       | SLOW |              |          |          |
| vga_blue1                          | IOB              | OUTPUT    | LVCMOS25             |       | 12       | SLOW |              |          |          |
| vga_green0                         | IOB              | OUTPUT    | LVCMOS25             |       | 12       | SLOW |              |          |          |
| vga_green1                         | IOB              | OUTPUT    | LVCMOS25             |       | 12       | SLOW |              |          |          |
| vga_hsync                          | IOB              | OUTPUT    | LVCMOS25             |       | 12       | SLOW |              |          |          |
| vga_red0                           | IOB              | OUTPUT    | LVCMOS25             |       | 12       | SLOW |              |          |          |
| vga_red1                           | IOB              | OUTPUT    | LVCMOS25             |       | 12       | SLOW |              |          |          |
| vga_vsync                          | IOB              | OUTPUT    | LVCMOS25             |       | 12       | SLOW |              |          |          |
+---------------------------------------------------------------------------------------------------------------------------------------------------------+

Section 7 - RPMs
----------------

Section 8 - Guide Report
------------------------
Guide not run on this design.

Section 9 - Area Group and Partition Summary
--------------------------------------------

Partition Implementation Status
-------------------------------

  No Partitions were found in this design.

-------------------------------

Area Group Information
----------------------

  No area groups were found in this design.

----------------------

Section 10 - Modular Design Summary
-----------------------------------
Modular Design not used for this design.

Section 11 - Timing Report
--------------------------
This design was not run using timing mode.

Section 12 - Configuration String Details
-----------------------------------------
Use the "-detail" map option to print out Configuration Strings

Section 13 - Control Set Information
------------------------------------
No control set information for this architecture.

Section 14 - Utilization by Hierarchy
-------------------------------------
Use the "-detail" map option to print out the Utilization by Hierarchy section.
