--------------------------------------------------------------------------------
Release 11.1 Trace  (nt)
Copyright (c) 1995-2009 Xilinx, Inc.  All rights reserved.

C:\Xilinx\11.1\ISE\bin\nt\unwrapped\trce.exe -ise
E:/test-all-AVA-LCD/SevenSegTest.ise -intstyle ise -v 3 -s 4 -n 3 -fastpaths
-xml lcd_top.twx lcd_top.ncd -o lcd_top.twr lcd_top.pcf -ucf vga_pong_top.ucf

Design file:              lcd_top.ncd
Physical constraint file: lcd_top.pcf
Device,package,speed:     xc3s400,pq208,-4 (PRODUCTION 1.39 2009-03-03)
Report level:             verbose report

Environment Variable      Effect 
--------------------      ------ 
NONE                      No environment variables were set
--------------------------------------------------------------------------------

INFO:Timing:2698 - No timing constraints found, doing default enumeration.
INFO:Timing:2752 - To get complete path coverage, use the unconstrained paths 
   option. All paths that are not constrained will be reported in the 
   unconstrained paths section(s) of the report.
INFO:Timing:3339 - The clock-to-out numbers in this timing report are based on 
   a 50 Ohm transmission line loading model.  For the details of this model, 
   and for more information on accounting for different loading conditions, 
   please see the device datasheet.



Data Sheet report:
-----------------
All values displayed in nanoseconds (ns)

Setup/Hold to clock GCLK
------------+------------+------------+------------------+--------+
            |  Setup to  |  Hold to   |                  | Clock  |
Source      | clk (edge) | clk (edge) |Internal Clock(s) | Phase  |
------------+------------+------------+------------------+--------+
a_b_not     |    4.069(R)|    2.018(R)|VGA_GAME/clock    |   0.000|
c_start_not |    5.018(R)|    0.833(R)|VGA_GAME/clock    |   0.000|
down_in_not |    4.730(R)|    1.164(R)|VGA_GAME/clock    |   0.000|
left_in_not |    4.312(R)|    0.753(R)|VGA_GAME/clock    |   0.000|
right_in_not|    5.852(R)|    0.530(R)|VGA_GAME/clock    |   0.000|
rst_n       |    7.924(R)|   -2.168(R)|GCLK_IBUFG        |   0.000|
            |   13.346(R)|    0.450(R)|VGA_GAME/clock    |   0.000|
up_in_not   |    3.561(R)|    1.544(R)|VGA_GAME/clock    |   0.000|
------------+------------+------------+------------------+--------+

Clock GCLK to Pad
------------+------------+------------------+--------+
            | clk (edge) |                  | Clock  |
Destination |   to PAD   |Internal Clock(s) | Phase  |
------------+------------+------------------+--------+
vga_blue0   |   11.334(R)|VGA_GAME/clock    |   0.000|
vga_blue1   |   11.327(R)|VGA_GAME/clock    |   0.000|
vga_green0  |   13.152(R)|VGA_GAME/clock    |   0.000|
vga_green1  |   11.715(R)|VGA_GAME/clock    |   0.000|
vga_hsync   |   10.133(R)|VGA_GAME/clock    |   0.000|
vga_red0    |   12.293(R)|VGA_GAME/clock    |   0.000|
vga_red1    |   12.896(R)|VGA_GAME/clock    |   0.000|
vga_vsync   |   10.820(R)|VGA_GAME/clock    |   0.000|
------------+------------+------------------+--------+

Clock to Setup on destination clock GCLK
---------------+---------+---------+---------+---------+
               | Src:Rise| Src:Fall| Src:Rise| Src:Fall|
Source Clock   |Dest:Rise|Dest:Rise|Dest:Fall|Dest:Fall|
---------------+---------+---------+---------+---------+
GCLK           |    8.309|         |         |         |
---------------+---------+---------+---------+---------+

Pad to Pad
---------------+---------------+---------+
Source Pad     |Destination Pad|  Delay  |
---------------+---------------+---------+
rst_n          |Buzzer         |   12.241|
---------------+---------------+---------+


Analysis completed Fri Dec 02 23:35:46 2011 
--------------------------------------------------------------------------------

Trace Settings:
-------------------------
Trace Settings 

Peak Memory Usage: 108 MB



