Release 12.1 - ngc2edif M.53d (nt)
Copyright (c) 1995-2010 Xilinx, Inc.  All rights reserved.
Reading design SevenSegTest.ngc ...
WARNING:NetListWriters:298 - No output is written to SevenSegTest.xncf, ignored.
Processing design ...
   Preping design's networks ...
   Preping design's macros ...
  finished :Prep
Writing EDIF netlist file SevenSegTest.edif ...
ngc2edif: Total memory usage is 53256 kilobytes

Release 12.1 - ngc2edif M.53d (nt)
Copyright (c) 1995-2010 Xilinx, Inc.  All rights reserved.
Reading design SevenSegTest.ngc ...
WARNING:NetListWriters:298 - No output is written to SevenSegTest.xncf, ignored.
Processing design ...
   Preping design's networks ...
   Preping design's macros ...
  finished :Prep
Writing EDIF netlist file SevenSegTest.edif ...
ngc2edif: Total memory usage is 52616 kilobytes

Release 12.1 - ngc2edif M.53d (nt)
Copyright (c) 1995-2010 Xilinx, Inc.  All rights reserved.
Reading design SevenSegTest.ngc ...
WARNING:NetListWriters:298 - No output is written to SevenSegTest.xncf, ignored.
Processing design ...
   Preping design's networks ...
   Preping design's macros ...
  finished :Prep
Writing EDIF netlist file SevenSegTest.edif ...
ngc2edif: Total memory usage is 52744 kilobytes

Release 12.1 - ngc2edif M.53d (nt)
Copyright (c) 1995-2010 Xilinx, Inc.  All rights reserved.
Reading design SevenSegTest.ngc ...
WARNING:NetListWriters:298 - No output is written to SevenSegTest.xncf, ignored.
Processing design ...
   Preping design's networks ...
   Preping design's macros ...
WARNING:NetListWriters:306 - Signal bus Mcompar_CLK10MS_cmp_lt0000_lut<6 : 1> on
   block SevenSegTest is not reconstructed, because there are some missing bus
   signals.
  finished :Prep
Writing EDIF netlist file SevenSegTest.edif ...
ngc2edif: Total memory usage is 52744 kilobytes

